// Jest Snapshot v1, https://goo.gl/fbAQLP

exports[`App renders correctly 1`] = `
<div
  class="App"
>
  <div
    class="App container"
  >
    <nav
      class="navbar navbar-expand-sm bg-dark navbar-dark"
    >
      <ul
        class="navbar-nav"
      >
        <li
          class="nav-item"
        >
          <a
            aria-current="page"
            class="nav-link active"
            href="/"
          >
            Inicio
          </a>
        </li>
        <li>
          <a
            class="nav-link"
            href="/albums"
          >
            Albums
          </a>
        </li>
        <li>
          <a
            class="nav-link"
            href="/login"
          >
            Login
          </a>
        </li>
        <li>
          <a
            class="nav-link"
            href="/perfil"
          >
            Perfil
          </a>
        </li>
      </ul>
    </nav>
    <h1>
      Música Recomendada:
    </h1>
    <p>
      Todavía no hay música recomenda
    </p>
    <h1>
      Toda la Música
    </h1>
    <table
      class="table table-dark table-hover"
    >
      <thead>
        <tr>
          <th>
            Canción
          </th>
          <th>
            Duración
          </th>
        </tr>
      </thead>
      <tbody />
    </table>
  </div>
</div>
`;
